mode: set
github.com/gogpu/gogpu/animation.go:17.65,20.2 2 1
github.com/gogpu/gogpu/animation.go:23.51,25.2 1 1
github.com/gogpu/gogpu/animation.go:27.48,29.2 1 1
github.com/gogpu/gogpu/animation.go:39.33,40.43 1 1
github.com/gogpu/gogpu/animation.go:40.43,42.3 1 1
github.com/gogpu/gogpu/app.go:92.33,97.2 1 1
github.com/gogpu/gogpu/app.go:102.57,105.2 2 0
github.com/gogpu/gogpu/app.go:110.40,112.2 1 1
github.com/gogpu/gogpu/app.go:118.50,121.2 2 1
github.com/gogpu/gogpu/app.go:126.50,129.2 2 1
github.com/gogpu/gogpu/app.go:134.41,137.2 2 1
github.com/gogpu/gogpu/app.go:142.43,145.2 2 1
github.com/gogpu/gogpu/app.go:150.47,153.2 2 1
github.com/gogpu/gogpu/app.go:159.46,161.28 2 1
github.com/gogpu/gogpu/app.go:161.28,163.3 1 0
github.com/gogpu/gogpu/app.go:165.2,165.10 1 1
github.com/gogpu/gogpu/app.go:170.47,173.2 2 1
github.com/gogpu/gogpu/app.go:178.57,180.28 2 1
github.com/gogpu/gogpu/app.go:180.28,182.3 1 0
github.com/gogpu/gogpu/app.go:183.2,183.10 1 1
github.com/gogpu/gogpu/app.go:191.39,194.2 2 1
github.com/gogpu/gogpu/app.go:200.57,203.2 2 1
github.com/gogpu/gogpu/app.go:206.38,208.25 2 1
github.com/gogpu/gogpu/app.go:208.25,210.3 1 1
github.com/gogpu/gogpu/app.go:214.30,216.2 1 1
github.com/gogpu/gogpu/app.go:220.51,224.2 3 1
github.com/gogpu/gogpu/app.go:227.31,229.2 1 1
github.com/gogpu/gogpu/app.go:233.45,236.25 3 1
github.com/gogpu/gogpu/app.go:236.25,238.3 1 1
github.com/gogpu/gogpu/app.go:243.45,246.25 3 1
github.com/gogpu/gogpu/app.go:246.25,248.3 1 1
github.com/gogpu/gogpu/app.go:266.42,267.22 1 1
github.com/gogpu/gogpu/app.go:267.22,269.3 1 1
github.com/gogpu/gogpu/app.go:270.2,270.24 1 1
github.com/gogpu/gogpu/app.go:276.44,277.22 1 1
github.com/gogpu/gogpu/app.go:277.22,279.3 1 1
github.com/gogpu/gogpu/app.go:280.2,280.22 1 0
github.com/gogpu/gogpu/app.go:295.27,302.16 4 0
github.com/gogpu/gogpu/app.go:302.16,304.3 1 0
github.com/gogpu/gogpu/app.go:305.2,307.51 2 0
github.com/gogpu/gogpu/app.go:307.51,312.3 4 0
github.com/gogpu/gogpu/app.go:314.2,330.15 2 0
github.com/gogpu/gogpu/app.go:330.15,331.45 1 0
github.com/gogpu/gogpu/app.go:331.45,334.24 3 0
github.com/gogpu/gogpu/app.go:334.24,336.5 1 0
github.com/gogpu/gogpu/app.go:337.4,337.24 1 0
github.com/gogpu/gogpu/app.go:337.24,339.5 1 0
github.com/gogpu/gogpu/app.go:341.3,341.45 1 0
github.com/gogpu/gogpu/app.go:341.45,343.4 1 0
github.com/gogpu/gogpu/app.go:344.3,346.45 3 0
github.com/gogpu/gogpu/app.go:346.45,348.4 1 0
github.com/gogpu/gogpu/app.go:349.3,349.22 1 0
github.com/gogpu/gogpu/app.go:352.2,363.33 4 0
github.com/gogpu/gogpu/app.go:363.33,365.3 1 0
github.com/gogpu/gogpu/app.go:366.2,371.72 5 0
github.com/gogpu/gogpu/app.go:371.72,377.54 4 0
github.com/gogpu/gogpu/app.go:377.54,380.4 1 0
github.com/gogpu/gogpu/app.go:384.3,388.30 2 0
github.com/gogpu/gogpu/app.go:388.30,390.4 1 0
github.com/gogpu/gogpu/app.go:393.3,400.24 4 0
github.com/gogpu/gogpu/app.go:400.24,402.4 1 0
github.com/gogpu/gogpu/app.go:406.3,406.26 1 0
github.com/gogpu/gogpu/app.go:406.26,408.4 1 0
github.com/gogpu/gogpu/app.go:413.3,413.24 1 0
github.com/gogpu/gogpu/app.go:413.24,415.4 1 0
github.com/gogpu/gogpu/app.go:418.3,418.30 1 0
github.com/gogpu/gogpu/app.go:418.30,420.4 1 0
github.com/gogpu/gogpu/app.go:425.3,425.38 1 0
github.com/gogpu/gogpu/app.go:425.38,427.4 1 0
github.com/gogpu/gogpu/app.go:430.2,431.12 2 0
github.com/gogpu/gogpu/app.go:436.63,440.41 3 0
github.com/gogpu/gogpu/app.go:440.41,442.3 1 0
github.com/gogpu/gogpu/app.go:445.2,445.28 1 0
github.com/gogpu/gogpu/app.go:445.28,447.3 1 0
github.com/gogpu/gogpu/app.go:450.2,450.45 1 0
github.com/gogpu/gogpu/app.go:450.45,452.3 1 0
github.com/gogpu/gogpu/app.go:454.2,454.37 1 0
github.com/gogpu/gogpu/app.go:454.37,455.53 1 0
github.com/gogpu/gogpu/app.go:455.53,456.59 1 0
github.com/gogpu/gogpu/app.go:456.59,457.32 1 0
github.com/gogpu/gogpu/app.go:457.32,465.6 1 0
github.com/gogpu/gogpu/app.go:468.3,468.33 1 0
github.com/gogpu/gogpu/app.go:472.2,484.16 2 0
github.com/gogpu/gogpu/app.go:484.16,486.3 1 0
github.com/gogpu/gogpu/app.go:489.2,491.30 2 0
github.com/gogpu/gogpu/app.go:491.30,493.3 1 0
github.com/gogpu/gogpu/app.go:499.2,518.24 4 0
github.com/gogpu/gogpu/app.go:523.70,526.44 2 0
github.com/gogpu/gogpu/app.go:526.44,530.3 1 0
github.com/gogpu/gogpu/app.go:531.2,531.20 1 0
github.com/gogpu/gogpu/app.go:531.20,533.3 1 0
github.com/gogpu/gogpu/app.go:535.2,535.12 1 0
github.com/gogpu/gogpu/app.go:544.42,550.6 3 0
github.com/gogpu/gogpu/app.go:550.6,552.39 2 0
github.com/gogpu/gogpu/app.go:552.39,553.9 1 0
github.com/gogpu/gogpu/app.go:555.3,555.33 1 0
github.com/gogpu/gogpu/app.go:559.2,560.24 2 0
github.com/gogpu/gogpu/app.go:560.24,562.3 1 0
github.com/gogpu/gogpu/app.go:566.2,566.76 1 0
github.com/gogpu/gogpu/app.go:566.76,569.29 2 0
github.com/gogpu/gogpu/app.go:569.29,571.4 1 0
github.com/gogpu/gogpu/app.go:574.3,574.24 1 0
github.com/gogpu/gogpu/app.go:574.24,576.4 1 0
github.com/gogpu/gogpu/app.go:579.3,579.20 1 0
github.com/gogpu/gogpu/app.go:583.2,583.34 1 0
github.com/gogpu/gogpu/app.go:583.34,585.3 1 0
github.com/gogpu/gogpu/app.go:588.2,588.26 1 0
github.com/gogpu/gogpu/app.go:588.26,590.3 1 0
github.com/gogpu/gogpu/app.go:594.56,596.34 2 1
github.com/gogpu/gogpu/app.go:596.34,598.3 1 1
github.com/gogpu/gogpu/app.go:599.2,600.28 2 1
github.com/gogpu/gogpu/app.go:600.28,602.45 2 0
github.com/gogpu/gogpu/app.go:602.45,604.4 1 0
github.com/gogpu/gogpu/app.go:606.2,606.23 1 1
github.com/gogpu/gogpu/app.go:606.23,608.3 1 1
github.com/gogpu/gogpu/app.go:609.2,609.19 1 1
github.com/gogpu/gogpu/app.go:616.151,620.20 2 1
github.com/gogpu/gogpu/app.go:621.28,622.16 1 1
github.com/gogpu/gogpu/app.go:622.16,624.4 1 1
github.com/gogpu/gogpu/app.go:624.9,626.4 1 1
github.com/gogpu/gogpu/app.go:627.27,628.28 1 1
github.com/gogpu/gogpu/app.go:629.27,631.20 2 1
github.com/gogpu/gogpu/app.go:631.20,632.70 1 1
github.com/gogpu/gogpu/app.go:632.70,634.5 1 1
github.com/gogpu/gogpu/app.go:636.3,636.27 1 1
github.com/gogpu/gogpu/app.go:636.27,638.4 1 0
github.com/gogpu/gogpu/app.go:639.3,639.20 1 1
github.com/gogpu/gogpu/app.go:641.29,642.34 1 1
github.com/gogpu/gogpu/app.go:643.27,644.35 1 0
github.com/gogpu/gogpu/app.go:645.26,646.29 1 1
github.com/gogpu/gogpu/app.go:648.58,649.32 1 1
github.com/gogpu/gogpu/app.go:650.28,651.31 1 1
github.com/gogpu/gogpu/app.go:653.2,653.37 1 1
github.com/gogpu/gogpu/app.go:657.69,662.2 4 1
github.com/gogpu/gogpu/app.go:664.107,665.14 1 1
github.com/gogpu/gogpu/app.go:665.14,667.3 1 1
github.com/gogpu/gogpu/app.go:668.2,668.36 1 1
github.com/gogpu/gogpu/app.go:668.36,670.3 1 1
github.com/gogpu/gogpu/app.go:671.2,671.39 1 1
github.com/gogpu/gogpu/app.go:671.39,673.3 1 1
github.com/gogpu/gogpu/app.go:676.101,677.26 1 1
github.com/gogpu/gogpu/app.go:677.26,679.3 1 1
github.com/gogpu/gogpu/app.go:680.2,680.13 1 1
github.com/gogpu/gogpu/app.go:680.13,682.3 1 1
github.com/gogpu/gogpu/app.go:682.8,684.3 1 1
github.com/gogpu/gogpu/app.go:687.73,688.25 1 1
github.com/gogpu/gogpu/app.go:688.25,690.3 1 1
github.com/gogpu/gogpu/app.go:691.2,692.34 2 1
github.com/gogpu/gogpu/app.go:692.34,694.3 1 1
github.com/gogpu/gogpu/app.go:698.56,700.38 2 1
github.com/gogpu/gogpu/app.go:700.38,702.3 1 1
github.com/gogpu/gogpu/app.go:703.2,703.26 1 1
github.com/gogpu/gogpu/app.go:703.26,705.3 1 1
github.com/gogpu/gogpu/app.go:709.59,711.36 2 1
github.com/gogpu/gogpu/app.go:711.36,713.3 1 1
github.com/gogpu/gogpu/app.go:714.2,714.26 1 1
github.com/gogpu/gogpu/app.go:714.26,716.3 1 1
github.com/gogpu/gogpu/app.go:717.2,717.46 1 1
github.com/gogpu/gogpu/app.go:721.58,723.35 2 1
github.com/gogpu/gogpu/app.go:723.35,725.3 1 1
github.com/gogpu/gogpu/app.go:726.2,726.26 1 1
github.com/gogpu/gogpu/app.go:726.26,728.3 1 1
github.com/gogpu/gogpu/app.go:729.2,729.25 1 1
github.com/gogpu/gogpu/app.go:729.25,731.3 1 1
github.com/gogpu/gogpu/app.go:735.55,737.14 2 1
github.com/gogpu/gogpu/app.go:737.14,739.3 1 0
github.com/gogpu/gogpu/app.go:741.2,741.22 1 1
github.com/gogpu/gogpu/app.go:741.22,743.3 1 1
github.com/gogpu/gogpu/app.go:745.2,750.15 3 1
github.com/gogpu/gogpu/app.go:750.15,753.24 3 1
github.com/gogpu/gogpu/app.go:753.24,755.4 1 0
github.com/gogpu/gogpu/app.go:759.2,759.62 1 1
github.com/gogpu/gogpu/app.go:759.62,761.3 1 1
github.com/gogpu/gogpu/app.go:774.73,789.2 5 0
github.com/gogpu/gogpu/app.go:795.40,799.43 3 0
github.com/gogpu/gogpu/app.go:799.43,801.29 2 0
github.com/gogpu/gogpu/app.go:801.29,802.12 1 0
github.com/gogpu/gogpu/app.go:804.3,805.25 2 0
github.com/gogpu/gogpu/app.go:805.25,806.12 1 0
github.com/gogpu/gogpu/app.go:808.3,809.20 2 0
github.com/gogpu/gogpu/app.go:809.20,815.32 1 0
github.com/gogpu/gogpu/app.go:815.32,815.57 1 0
github.com/gogpu/gogpu/app.go:817.3,823.5 1 0
github.com/gogpu/gogpu/app.go:825.2,827.22 2 0
github.com/gogpu/gogpu/app.go:827.22,829.3 1 0
github.com/gogpu/gogpu/app.go:832.2,832.44 1 0
github.com/gogpu/gogpu/app.go:832.44,834.58 1 0
github.com/gogpu/gogpu/app.go:834.58,835.33 1 0
github.com/gogpu/gogpu/app.go:835.33,837.5 1 0
github.com/gogpu/gogpu/app.go:841.3,843.32 2 0
github.com/gogpu/gogpu/app.go:843.32,845.17 2 0
github.com/gogpu/gogpu/app.go:845.17,846.13 1 0
github.com/gogpu/gogpu/app.go:852.4,862.23 5 0
github.com/gogpu/gogpu/app.go:862.23,864.5 1 0
github.com/gogpu/gogpu/app.go:865.4,866.35 2 0
github.com/gogpu/gogpu/app.go:870.3,870.31 1 0
github.com/gogpu/gogpu/app.go:884.32,891.23 4 0
github.com/gogpu/gogpu/app.go:891.23,893.3 1 0
github.com/gogpu/gogpu/app.go:896.2,896.25 1 0
github.com/gogpu/gogpu/app.go:896.25,898.3 1 0
github.com/gogpu/gogpu/app.go:901.2,901.23 1 0
github.com/gogpu/gogpu/app.go:901.23,903.3 1 0
github.com/gogpu/gogpu/app.go:908.2,908.25 1 0
github.com/gogpu/gogpu/app.go:908.25,910.3 1 0
github.com/gogpu/gogpu/app.go:911.2,912.29 2 0
github.com/gogpu/gogpu/app.go:912.29,914.3 1 0
github.com/gogpu/gogpu/app.go:917.2,922.26 2 0
github.com/gogpu/gogpu/app.go:927.39,929.22 2 0
github.com/gogpu/gogpu/app.go:929.22,931.3 1 0
github.com/gogpu/gogpu/app.go:936.22,938.2 1 1
github.com/gogpu/gogpu/app.go:944.31,945.26 1 1
github.com/gogpu/gogpu/app.go:945.26,947.3 1 1
github.com/gogpu/gogpu/app.go:953.48,957.2 3 1
github.com/gogpu/gogpu/app.go:961.42,962.25 1 1
github.com/gogpu/gogpu/app.go:962.25,964.3 1 1
github.com/gogpu/gogpu/app.go:965.2,965.40 1 1
github.com/gogpu/gogpu/app.go:970.50,971.25 1 1
github.com/gogpu/gogpu/app.go:971.25,973.3 1 1
github.com/gogpu/gogpu/app.go:974.2,974.40 1 1
github.com/gogpu/gogpu/app.go:987.37,988.25 1 1
github.com/gogpu/gogpu/app.go:988.25,990.3 1 1
github.com/gogpu/gogpu/app.go:991.2,991.22 1 1
github.com/gogpu/gogpu/app.go:991.22,992.59 1 1
github.com/gogpu/gogpu/app.go:992.59,994.4 1 1
github.com/gogpu/gogpu/app.go:996.2,996.37 1 1
github.com/gogpu/gogpu/app.go:1001.47,1002.22 1 1
github.com/gogpu/gogpu/app.go:1002.22,1004.3 1 1
github.com/gogpu/gogpu/app.go:1005.2,1005.16 1 1
github.com/gogpu/gogpu/app.go:1010.49,1011.22 1 1
github.com/gogpu/gogpu/app.go:1011.22,1013.3 1 1
github.com/gogpu/gogpu/app.go:1014.2,1014.12 1 1
github.com/gogpu/gogpu/app.go:1025.76,1026.22 1 1
github.com/gogpu/gogpu/app.go:1026.22,1028.3 1 1
github.com/gogpu/gogpu/app.go:1029.2,1029.17 1 1
github.com/gogpu/gogpu/app.go:1034.74,1035.22 1 1
github.com/gogpu/gogpu/app.go:1035.22,1037.3 1 1
github.com/gogpu/gogpu/app.go:1038.2,1038.16 1 1
github.com/gogpu/gogpu/app.go:1043.56,1044.25 1 1
github.com/gogpu/gogpu/app.go:1044.25,1046.3 1 1
github.com/gogpu/gogpu/app.go:1067.57,1068.25 1 0
github.com/gogpu/gogpu/app.go:1068.25,1070.3 1 0
github.com/gogpu/gogpu/app.go:1074.50,1075.25 1 0
github.com/gogpu/gogpu/app.go:1075.25,1077.3 1 0
github.com/gogpu/gogpu/app.go:1078.2,1078.36 1 0
github.com/gogpu/gogpu/app.go:1083.31,1084.22 1 1
github.com/gogpu/gogpu/app.go:1084.22,1086.3 1 1
github.com/gogpu/gogpu/app.go:1087.2,1087.14 1 1
github.com/gogpu/gogpu/app.go:1092.35,1093.22 1 1
github.com/gogpu/gogpu/app.go:1093.22,1095.3 1 1
github.com/gogpu/gogpu/app.go:1096.2,1096.14 1 1
github.com/gogpu/gogpu/app.go:1101.35,1102.22 1 1
github.com/gogpu/gogpu/app.go:1102.22,1104.3 1 1
github.com/gogpu/gogpu/app.go:1105.2,1105.14 1 1
github.com/gogpu/gogpu/app.go:1110.35,1111.22 1 1
github.com/gogpu/gogpu/app.go:1111.22,1113.3 1 1
github.com/gogpu/gogpu/app.go:1114.2,1114.12 1 1
github.com/gogpu/gogpu/app.go:1120.58,1121.22 1 1
github.com/gogpu/gogpu/app.go:1121.22,1123.3 1 1
github.com/gogpu/gogpu/app.go:1124.2,1124.32 1 1
github.com/gogpu/gogpu/app.go:1129.44,1130.25 1 1
github.com/gogpu/gogpu/app.go:1130.25,1132.3 1 1
github.com/gogpu/gogpu/app.go:1137.34,1138.25 1 1
github.com/gogpu/gogpu/app.go:1138.25,1140.3 1 1
github.com/gogpu/gogpu/app.go:1141.2,1141.14 1 1
github.com/gogpu/gogpu/app.go:1146.71,1148.25 2 1
github.com/gogpu/gogpu/app.go:1148.25,1150.3 1 1
github.com/gogpu/gogpu/app.go:1153.38,1156.47 2 1
github.com/gogpu/gogpu/app.go:1156.47,1157.17 1 1
github.com/gogpu/gogpu/app.go:1157.17,1159.5 1 1
github.com/gogpu/gogpu/app.go:1160.4,1160.35 1 1
github.com/gogpu/gogpu/app.go:1167.26,1168.25 1 1
github.com/gogpu/gogpu/app.go:1168.25,1170.3 1 1
github.com/gogpu/gogpu/app.go:1175.26,1176.25 1 1
github.com/gogpu/gogpu/app.go:1176.25,1178.3 1 1
github.com/gogpu/gogpu/app.go:1183.34,1184.25 1 1
github.com/gogpu/gogpu/app.go:1184.25,1186.3 1 1
github.com/gogpu/gogpu/app.go:1187.2,1187.14 1 1
github.com/gogpu/gogpu/app.go:1196.46,1197.25 1 0
github.com/gogpu/gogpu/app.go:1197.25,1199.3 1 0
github.com/gogpu/gogpu/app.go:1204.35,1205.25 1 0
github.com/gogpu/gogpu/app.go:1205.25,1207.3 1 0
github.com/gogpu/gogpu/app.go:1208.2,1208.14 1 0
github.com/gogpu/gogpu/app.go:1213.34,1215.2 1 0
github.com/gogpu/gogpu/app.go:1219.23,1220.25 1 1
github.com/gogpu/gogpu/app.go:1220.25,1222.3 1 1
github.com/gogpu/gogpu/app.go:1227.35,1230.2 2 1
github.com/gogpu/gogpu/app.go:1235.54,1236.38 1 1
github.com/gogpu/gogpu/app.go:1236.38,1237.25 1 0
github.com/gogpu/gogpu/app.go:1237.25,1241.4 3 0
github.com/gogpu/gogpu/app.go:1243.2,1244.22 2 1
github.com/gogpu/gogpu/app.go:1247.34,1248.22 1 1
github.com/gogpu/gogpu/app.go:1248.22,1250.3 1 0
github.com/gogpu/gogpu/app.go:1251.2,1252.9 2 1
github.com/gogpu/gogpu/app.go:1252.9,1254.3 1 0
github.com/gogpu/gogpu/app.go:1256.2,1259.19 2 1
github.com/gogpu/gogpu/app.go:1259.19,1261.3 1 1
github.com/gogpu/gogpu/app.go:1264.2,1264.38 1 1
github.com/gogpu/gogpu/app.go:1264.38,1273.3 1 1
github.com/gogpu/gogpu/app.go:1275.2,1275.34 1 1
github.com/gogpu/gogpu/app.go:1278.80,1280.27 2 1
github.com/gogpu/gogpu/app.go:1280.27,1288.24 2 1
github.com/gogpu/gogpu/app.go:1288.24,1290.4 1 0
github.com/gogpu/gogpu/app.go:1292.2,1292.12 1 1
github.com/gogpu/gogpu/app.go:1298.64,1299.22 1 0
github.com/gogpu/gogpu/app.go:1299.22,1300.38 1 0
github.com/gogpu/gogpu/app.go:1300.38,1302.4 1 0
github.com/gogpu/gogpu/app.go:1303.3,1306.4 1 0
github.com/gogpu/gogpu/app.go:1308.2,1308.57 1 0
github.com/gogpu/gogpu/app.go:1308.57,1313.3 1 0
github.com/gogpu/gogpu/app.go:1314.2,1314.12 1 0
github.com/gogpu/gogpu/app.go:1323.31,1325.2 1 1
github.com/gogpu/gogpu/app.go:1342.47,1343.23 1 1
github.com/gogpu/gogpu/app.go:1343.23,1345.3 1 1
github.com/gogpu/gogpu/app.go:1346.2,1346.54 1 0
github.com/gogpu/gogpu/app.go:1351.71,1352.25 1 1
github.com/gogpu/gogpu/app.go:1352.25,1354.3 1 1
github.com/gogpu/gogpu/app.go:1357.2,1360.51 2 1
github.com/gogpu/gogpu/app.go:1360.51,1362.3 1 1
github.com/gogpu/gogpu/app.go:1364.2,1365.38 2 1
github.com/gogpu/gogpu/app.go:1365.38,1367.3 1 0
github.com/gogpu/gogpu/app.go:1369.2,1369.17 1 1
github.com/gogpu/gogpu/app.go:1370.30,1371.47 1 1
github.com/gogpu/gogpu/app.go:1372.28,1373.48 1 1
github.com/gogpu/gogpu/app.go:1381.60,1382.13 1 1
github.com/gogpu/gogpu/app.go:1384.23,1385.20 1 1
github.com/gogpu/gogpu/app.go:1386.23,1387.20 1 1
github.com/gogpu/gogpu/app.go:1388.23,1389.20 1 1
github.com/gogpu/gogpu/app.go:1390.23,1391.20 1 1
github.com/gogpu/gogpu/app.go:1392.23,1393.20 1 1
github.com/gogpu/gogpu/app.go:1394.23,1395.20 1 1
github.com/gogpu/gogpu/app.go:1396.23,1397.20 1 1
github.com/gogpu/gogpu/app.go:1398.23,1399.20 1 1
github.com/gogpu/gogpu/app.go:1400.23,1401.20 1 1
github.com/gogpu/gogpu/app.go:1402.23,1403.20 1 1
github.com/gogpu/gogpu/app.go:1404.23,1405.20 1 1
github.com/gogpu/gogpu/app.go:1406.23,1407.20 1 1
github.com/gogpu/gogpu/app.go:1408.23,1409.20 1 1
github.com/gogpu/gogpu/app.go:1410.23,1411.20 1 1
github.com/gogpu/gogpu/app.go:1412.23,1413.20 1 1
github.com/gogpu/gogpu/app.go:1414.23,1415.20 1 1
github.com/gogpu/gogpu/app.go:1416.23,1417.20 1 1
github.com/gogpu/gogpu/app.go:1418.23,1419.20 1 1
github.com/gogpu/gogpu/app.go:1420.23,1421.20 1 1
github.com/gogpu/gogpu/app.go:1422.23,1423.20 1 1
github.com/gogpu/gogpu/app.go:1424.23,1425.20 1 1
github.com/gogpu/gogpu/app.go:1426.23,1427.20 1 1
github.com/gogpu/gogpu/app.go:1428.23,1429.20 1 1
github.com/gogpu/gogpu/app.go:1430.23,1431.20 1 1
github.com/gogpu/gogpu/app.go:1432.23,1433.20 1 1
github.com/gogpu/gogpu/app.go:1434.23,1435.20 1 1
github.com/gogpu/gogpu/app.go:1438.23,1439.20 1 1
github.com/gogpu/gogpu/app.go:1440.23,1441.20 1 1
github.com/gogpu/gogpu/app.go:1442.23,1443.20 1 1
github.com/gogpu/gogpu/app.go:1444.23,1445.20 1 1
github.com/gogpu/gogpu/app.go:1446.23,1447.20 1 1
github.com/gogpu/gogpu/app.go:1448.23,1449.20 1 1
github.com/gogpu/gogpu/app.go:1450.23,1451.20 1 1
github.com/gogpu/gogpu/app.go:1452.23,1453.20 1 1
github.com/gogpu/gogpu/app.go:1454.23,1455.20 1 1
github.com/gogpu/gogpu/app.go:1456.23,1457.20 1 1
github.com/gogpu/gogpu/app.go:1460.24,1461.21 1 1
github.com/gogpu/gogpu/app.go:1462.24,1463.21 1 1
github.com/gogpu/gogpu/app.go:1464.24,1465.21 1 1
github.com/gogpu/gogpu/app.go:1466.24,1467.21 1 1
github.com/gogpu/gogpu/app.go:1468.24,1469.21 1 1
github.com/gogpu/gogpu/app.go:1470.24,1471.21 1 1
github.com/gogpu/gogpu/app.go:1472.24,1473.21 1 1
github.com/gogpu/gogpu/app.go:1474.24,1475.21 1 1
github.com/gogpu/gogpu/app.go:1476.24,1477.21 1 1
github.com/gogpu/gogpu/app.go:1478.25,1479.22 1 1
github.com/gogpu/gogpu/app.go:1480.25,1481.22 1 1
github.com/gogpu/gogpu/app.go:1482.25,1483.22 1 1
github.com/gogpu/gogpu/app.go:1486.28,1487.25 1 1
github.com/gogpu/gogpu/app.go:1488.25,1489.22 1 1
github.com/gogpu/gogpu/app.go:1490.31,1491.28 1 1
github.com/gogpu/gogpu/app.go:1492.27,1493.24 1 1
github.com/gogpu/gogpu/app.go:1494.27,1495.24 1 1
github.com/gogpu/gogpu/app.go:1496.28,1497.25 1 1
github.com/gogpu/gogpu/app.go:1498.28,1499.25 1 1
github.com/gogpu/gogpu/app.go:1500.26,1501.23 1 1
github.com/gogpu/gogpu/app.go:1502.25,1503.22 1 1
github.com/gogpu/gogpu/app.go:1504.28,1505.25 1 1
github.com/gogpu/gogpu/app.go:1506.30,1507.27 1 1
github.com/gogpu/gogpu/app.go:1508.26,1509.23 1 1
github.com/gogpu/gogpu/app.go:1510.27,1511.24 1 1
github.com/gogpu/gogpu/app.go:1512.24,1513.21 1 1
github.com/gogpu/gogpu/app.go:1514.26,1515.23 1 1
github.com/gogpu/gogpu/app.go:1518.31,1519.28 1 1
github.com/gogpu/gogpu/app.go:1520.32,1521.29 1 1
github.com/gogpu/gogpu/app.go:1522.33,1523.30 1 1
github.com/gogpu/gogpu/app.go:1524.34,1525.31 1 1
github.com/gogpu/gogpu/app.go:1526.29,1527.26 1 1
github.com/gogpu/gogpu/app.go:1528.30,1529.27 1 1
github.com/gogpu/gogpu/app.go:1530.31,1531.28 1 1
github.com/gogpu/gogpu/app.go:1532.32,1533.29 1 1
github.com/gogpu/gogpu/app.go:1536.27,1537.24 1 1
github.com/gogpu/gogpu/app.go:1538.27,1539.24 1 1
github.com/gogpu/gogpu/app.go:1540.33,1541.30 1 1
github.com/gogpu/gogpu/app.go:1542.34,1543.31 1 1
github.com/gogpu/gogpu/app.go:1544.31,1545.28 1 1
github.com/gogpu/gogpu/app.go:1546.31,1547.28 1 1
github.com/gogpu/gogpu/app.go:1548.32,1549.29 1 1
github.com/gogpu/gogpu/app.go:1550.27,1551.24 1 1
github.com/gogpu/gogpu/app.go:1552.27,1553.24 1 1
github.com/gogpu/gogpu/app.go:1554.28,1555.25 1 1
github.com/gogpu/gogpu/app.go:1556.27,1557.24 1 1
github.com/gogpu/gogpu/app.go:1560.29,1561.26 1 1
github.com/gogpu/gogpu/app.go:1562.29,1563.26 1 1
github.com/gogpu/gogpu/app.go:1564.29,1565.26 1 1
github.com/gogpu/gogpu/app.go:1566.29,1567.26 1 1
github.com/gogpu/gogpu/app.go:1568.29,1569.26 1 1
github.com/gogpu/gogpu/app.go:1570.29,1571.26 1 1
github.com/gogpu/gogpu/app.go:1572.29,1573.26 1 1
github.com/gogpu/gogpu/app.go:1574.29,1575.26 1 1
github.com/gogpu/gogpu/app.go:1576.29,1577.26 1 1
github.com/gogpu/gogpu/app.go:1578.29,1579.26 1 1
github.com/gogpu/gogpu/app.go:1580.35,1581.32 1 1
github.com/gogpu/gogpu/app.go:1582.34,1583.31 1 1
github.com/gogpu/gogpu/app.go:1584.36,1585.33 1 1
github.com/gogpu/gogpu/app.go:1586.36,1587.33 1 1
github.com/gogpu/gogpu/app.go:1588.31,1589.28 1 1
github.com/gogpu/gogpu/app.go:1590.33,1591.30 1 1
github.com/gogpu/gogpu/app.go:1594.30,1595.27 1 1
github.com/gogpu/gogpu/app.go:1596.32,1597.29 1 1
github.com/gogpu/gogpu/app.go:1598.29,1599.26 1 1
github.com/gogpu/gogpu/app.go:1600.27,1601.24 1 1
github.com/gogpu/gogpu/app.go:1603.10,1604.26 1 1
github.com/gogpu/gogpu/app.go:1609.80,1610.16 1 1
github.com/gogpu/gogpu/app.go:1611.29,1612.31 1 1
github.com/gogpu/gogpu/app.go:1613.30,1614.32 1 1
github.com/gogpu/gogpu/app.go:1615.31,1616.33 1 1
github.com/gogpu/gogpu/app.go:1617.27,1618.28 1 1
github.com/gogpu/gogpu/app.go:1619.27,1620.28 1 1
github.com/gogpu/gogpu/app.go:1621.10,1622.31 1 1
github.com/gogpu/gogpu/config.go:143.29,156.2 1 1
github.com/gogpu/gogpu/config.go:159.45,161.11 2 1
github.com/gogpu/gogpu/config.go:162.23,163.33 1 1
github.com/gogpu/gogpu/config.go:164.35,165.31 1 1
github.com/gogpu/gogpu/config.go:166.16,167.32 1 1
github.com/gogpu/gogpu/config.go:168.31,169.31 1 1
github.com/gogpu/gogpu/config.go:170.33,171.35 1 1
github.com/gogpu/gogpu/config.go:172.10,173.31 1 1
github.com/gogpu/gogpu/config.go:178.56,179.62 1 1
github.com/gogpu/gogpu/config.go:180.39,181.42 1 0
github.com/gogpu/gogpu/config.go:182.45,183.49 1 0
github.com/gogpu/gogpu/config.go:184.10,185.38 1 1
github.com/gogpu/gogpu/config.go:190.37,191.57 1 1
github.com/gogpu/gogpu/config.go:192.14,193.23 1 0
github.com/gogpu/gogpu/config.go:194.14,195.23 1 0
github.com/gogpu/gogpu/config.go:196.10,197.24 1 1
github.com/gogpu/gogpu/config.go:202.48,205.2 2 1
github.com/gogpu/gogpu/config.go:208.52,212.2 3 1
github.com/gogpu/gogpu/config.go:218.63,221.2 2 1
github.com/gogpu/gogpu/config.go:228.63,231.2 2 1
github.com/gogpu/gogpu/config.go:236.46,239.2 2 0
github.com/gogpu/gogpu/config.go:244.62,247.2 2 1
github.com/gogpu/gogpu/config.go:255.41,258.2 2 0
github.com/gogpu/gogpu/config.go:263.54,266.2 2 1
github.com/gogpu/gogpu/config.go:272.75,275.2 2 0
github.com/gogpu/gogpu/config.go:280.56,283.2 2 0
github.com/gogpu/gogpu/config.go:293.58,296.2 2 1
github.com/gogpu/gogpu/config.go:299.57,302.2 2 1
github.com/gogpu/gogpu/config.go:305.49,308.2 2 0
github.com/gogpu/gogpu/config.go:312.55,316.2 3 1
github.com/gogpu/gogpu/config.go:320.55,324.2 3 1
github.com/gogpu/gogpu/config.go:329.54,332.2 2 1
github.com/gogpu/gogpu/context.go:29.67,30.22 1 1
github.com/gogpu/gogpu/context.go:30.22,32.3 1 1
github.com/gogpu/gogpu/context.go:33.2,36.3 1 1
github.com/gogpu/gogpu/context.go:41.95,42.22 1 0
github.com/gogpu/gogpu/context.go:42.22,44.3 1 0
github.com/gogpu/gogpu/context.go:45.2,49.3 1 0
github.com/gogpu/gogpu/context.go:53.49,54.22 1 1
github.com/gogpu/gogpu/context.go:54.22,56.3 1 0
github.com/gogpu/gogpu/context.go:57.2,57.27 1 1
github.com/gogpu/gogpu/context.go:68.59,70.2 1 0
github.com/gogpu/gogpu/context.go:74.45,77.2 2 0
github.com/gogpu/gogpu/context.go:80.49,82.2 1 0
github.com/gogpu/gogpu/context.go:87.46,90.2 2 1
github.com/gogpu/gogpu/context.go:93.31,96.2 2 1
github.com/gogpu/gogpu/context.go:99.32,102.2 2 1
github.com/gogpu/gogpu/context.go:106.57,108.2 1 1
github.com/gogpu/gogpu/context.go:111.42,114.2 2 1
github.com/gogpu/gogpu/context.go:117.43,120.2 2 1
github.com/gogpu/gogpu/context.go:124.41,126.2 1 1
github.com/gogpu/gogpu/context.go:129.41,131.12 2 1
github.com/gogpu/gogpu/context.go:131.12,133.3 1 1
github.com/gogpu/gogpu/context.go:134.2,134.32 1 1
github.com/gogpu/gogpu/context.go:139.51,141.2 1 1
github.com/gogpu/gogpu/context.go:145.36,147.2 1 1
github.com/gogpu/gogpu/context.go:152.66,157.2 3 0
github.com/gogpu/gogpu/context.go:160.59,163.2 2 0
github.com/gogpu/gogpu/context.go:168.40,170.2 1 1
github.com/gogpu/gogpu/context.go:178.51,180.30 2 1
github.com/gogpu/gogpu/context.go:180.30,182.3 1 1
github.com/gogpu/gogpu/context.go:183.2,184.23 2 0
github.com/gogpu/gogpu/context.go:192.49,193.16 1 1
github.com/gogpu/gogpu/context.go:193.16,195.3 1 1
github.com/gogpu/gogpu/context.go:196.2,197.9 2 1
github.com/gogpu/gogpu/context.go:197.9,199.3 1 1
github.com/gogpu/gogpu/context.go:200.2,200.14 1 1
github.com/gogpu/gogpu/context.go:200.14,202.3 1 1
github.com/gogpu/gogpu/context.go:203.2,213.4 3 0
github.com/gogpu/gogpu/context.go:218.55,220.2 1 1
github.com/gogpu/gogpu/context.go:226.68,228.15 2 1
github.com/gogpu/gogpu/context.go:228.15,230.3 1 1
github.com/gogpu/gogpu/context.go:231.2,231.54 1 0
github.com/gogpu/gogpu/context.go:235.62,235.92 1 1
github.com/gogpu/gogpu/context.go:238.61,238.97 1 1
github.com/gogpu/gogpu/context.go:242.71,244.2 1 0
github.com/gogpu/gogpu/context.go:249.74,251.2 1 0
github.com/gogpu/gogpu/context.go:256.45,261.30 2 1
github.com/gogpu/gogpu/context.go:261.30,263.3 1 1
github.com/gogpu/gogpu/context.go:264.2,265.42 2 1
github.com/gogpu/gogpu/context.go:265.42,267.3 1 0
github.com/gogpu/gogpu/context.go:268.2,268.12 1 1
github.com/gogpu/gogpu/context.go:273.56,276.2 2 1
github.com/gogpu/gogpu/context_texture.go:55.65,56.45 1 1
github.com/gogpu/gogpu/context_texture.go:56.45,58.3 1 1
github.com/gogpu/gogpu/context_texture.go:60.2,64.4 1 0
github.com/gogpu/gogpu/context_texture.go:82.77,83.45 1 1
github.com/gogpu/gogpu/context_texture.go:83.45,85.3 1 1
github.com/gogpu/gogpu/context_texture.go:87.2,87.20 1 1
github.com/gogpu/gogpu/context_texture.go:87.20,89.3 1 1
github.com/gogpu/gogpu/context_texture.go:91.2,97.4 1 0
github.com/gogpu/gogpu/context_texture.go:119.78,120.45 1 1
github.com/gogpu/gogpu/context_texture.go:120.45,122.3 1 1
github.com/gogpu/gogpu/context_texture.go:124.2,124.39 1 1
github.com/gogpu/gogpu/context_texture.go:124.39,126.3 1 1
github.com/gogpu/gogpu/context_texture.go:129.2,129.21 1 1
github.com/gogpu/gogpu/context_texture.go:129.21,131.3 1 1
github.com/gogpu/gogpu/context_texture.go:132.2,132.22 1 1
github.com/gogpu/gogpu/context_texture.go:132.22,134.3 1 1
github.com/gogpu/gogpu/context_texture.go:135.2,135.21 1 1
github.com/gogpu/gogpu/context_texture.go:135.21,137.3 1 1
github.com/gogpu/gogpu/context_texture.go:140.2,140.20 1 1
github.com/gogpu/gogpu/context_texture.go:140.20,142.3 1 1
github.com/gogpu/gogpu/context_texture.go:143.2,143.20 1 1
github.com/gogpu/gogpu/context_texture.go:143.20,145.3 1 1
github.com/gogpu/gogpu/context_texture.go:149.2,149.47 1 1
github.com/gogpu/gogpu/context_texture.go:153.42,154.16 1 1
github.com/gogpu/gogpu/context_texture.go:154.16,156.3 1 1
github.com/gogpu/gogpu/context_texture.go:159.2,159.24 1 1
github.com/gogpu/gogpu/context_texture.go:159.24,161.3 1 1
github.com/gogpu/gogpu/context_texture.go:163.2,163.12 1 1
github.com/gogpu/gogpu/context_texture.go:185.88,187.9 2 1
github.com/gogpu/gogpu/context_texture.go:187.9,189.3 1 1
github.com/gogpu/gogpu/context_texture.go:190.2,190.35 1 1
github.com/gogpu/gogpu/context_texture.go:194.75,196.2 1 1
github.com/gogpu/gogpu/context_texture.go:204.113,206.2 1 0
github.com/gogpu/gogpu/context_texture.go:216.62,221.2 1 1
github.com/gogpu/gogpu/device_provider.go:31.56,33.2 1 1
github.com/gogpu/gogpu/device_provider.go:36.54,37.30 1 1
github.com/gogpu/gogpu/device_provider.go:37.30,39.3 1 1
github.com/gogpu/gogpu/device_provider.go:40.2,40.34 1 0
github.com/gogpu/gogpu/device_provider.go:44.73,46.2 1 1
github.com/gogpu/gogpu/event_source.go:45.88,47.2 1 1
github.com/gogpu/gogpu/event_source.go:50.90,52.2 1 1
github.com/gogpu/gogpu/event_source.go:55.59,57.2 1 1
github.com/gogpu/gogpu/event_source.go:60.69,62.2 1 1
github.com/gogpu/gogpu/event_source.go:65.94,67.2 1 1
github.com/gogpu/gogpu/event_source.go:70.96,72.2 1 1
github.com/gogpu/gogpu/event_source.go:75.66,77.2 1 1
github.com/gogpu/gogpu/event_source.go:80.58,82.2 1 1
github.com/gogpu/gogpu/event_source.go:85.53,87.2 1 1
github.com/gogpu/gogpu/event_source.go:90.63,92.2 1 1
github.com/gogpu/gogpu/event_source.go:95.83,97.2 1 1
github.com/gogpu/gogpu/event_source.go:100.67,102.2 1 1
github.com/gogpu/gogpu/event_source.go:113.74,115.2 1 1
github.com/gogpu/gogpu/event_source.go:127.77,129.2 1 1
github.com/gogpu/gogpu/event_source.go:145.74,148.32 2 1
github.com/gogpu/gogpu/event_source.go:148.32,150.3 1 1
github.com/gogpu/gogpu/event_source.go:182.52,183.26 1 1
github.com/gogpu/gogpu/event_source.go:183.26,185.3 1 1
github.com/gogpu/gogpu/event_source.go:186.2,186.22 1 1
github.com/gogpu/gogpu/event_source.go:216.36,217.25 1 1
github.com/gogpu/gogpu/event_source.go:217.25,220.3 1 1
github.com/gogpu/gogpu/event_source.go:221.2,221.21 1 1
github.com/gogpu/gogpu/event_source.go:225.94,226.25 1 1
github.com/gogpu/gogpu/event_source.go:226.25,228.3 1 1
github.com/gogpu/gogpu/event_source.go:232.96,233.27 1 1
github.com/gogpu/gogpu/event_source.go:233.27,235.3 1 1
github.com/gogpu/gogpu/event_source.go:239.61,240.26 1 1
github.com/gogpu/gogpu/event_source.go:240.26,242.3 1 1
github.com/gogpu/gogpu/event_source.go:246.62,247.26 1 1
github.com/gogpu/gogpu/event_source.go:247.26,249.3 1 1
github.com/gogpu/gogpu/event_source.go:253.94,254.27 1 1
github.com/gogpu/gogpu/event_source.go:254.27,256.3 1 1
github.com/gogpu/gogpu/event_source.go:260.96,261.29 1 1
github.com/gogpu/gogpu/event_source.go:261.29,263.3 1 1
github.com/gogpu/gogpu/event_source.go:267.61,268.23 1 1
github.com/gogpu/gogpu/event_source.go:268.23,270.3 1 1
github.com/gogpu/gogpu/event_source.go:274.64,275.23 1 1
github.com/gogpu/gogpu/event_source.go:275.23,277.3 1 1
github.com/gogpu/gogpu/event_source.go:281.58,282.22 1 1
github.com/gogpu/gogpu/event_source.go:282.22,284.3 1 1
github.com/gogpu/gogpu/event_source.go:290.79,292.24 1 1
github.com/gogpu/gogpu/event_source.go:292.24,294.3 1 1
github.com/gogpu/gogpu/event_source.go:297.2,297.32 1 1
github.com/gogpu/gogpu/event_source.go:297.32,299.3 1 1
github.com/gogpu/gogpu/event_source.go:303.2,303.51 1 1
github.com/gogpu/gogpu/event_source.go:303.51,304.18 1 1
github.com/gogpu/gogpu/event_source.go:305.31,306.28 1 1
github.com/gogpu/gogpu/event_source.go:306.28,308.5 1 1
github.com/gogpu/gogpu/event_source.go:309.31,310.29 1 1
github.com/gogpu/gogpu/event_source.go:310.29,313.5 2 1
github.com/gogpu/gogpu/event_source.go:314.29,315.31 1 1
github.com/gogpu/gogpu/event_source.go:315.31,318.5 2 1
github.com/gogpu/gogpu/event_source.go:325.85,327.28 1 1
github.com/gogpu/gogpu/event_source.go:327.28,329.3 1 1
github.com/gogpu/gogpu/event_source.go:332.2,332.23 1 1
github.com/gogpu/gogpu/event_source.go:332.23,334.3 1 1
github.com/gogpu/gogpu/event_source.go:340.49,342.54 1 1
github.com/gogpu/gogpu/event_source.go:342.54,345.31 2 1
github.com/gogpu/gogpu/event_source.go:345.31,347.4 1 1
github.com/gogpu/gogpu/event_source.go:355.55,356.32 1 0
github.com/gogpu/gogpu/event_source.go:356.32,358.3 1 0
github.com/gogpu/gogpu/event_source.go:363.70,364.11 1 1
github.com/gogpu/gogpu/event_source.go:365.29,366.36 1 1
github.com/gogpu/gogpu/event_source.go:367.30,368.37 1 1
github.com/gogpu/gogpu/event_source.go:369.31,370.38 1 1
github.com/gogpu/gogpu/event_source.go:371.27,372.33 1 1
github.com/gogpu/gogpu/event_source.go:373.27,374.33 1 1
github.com/gogpu/gogpu/event_source.go:375.10,376.36 1 1
github.com/gogpu/gogpu/gesture.go:59.48,63.2 1 1
github.com/gogpu/gogpu/gesture.go:69.70,75.16 4 1
github.com/gogpu/gogpu/gesture.go:76.30,85.26 2 1
github.com/gogpu/gogpu/gesture.go:87.30,89.49 1 1
github.com/gogpu/gogpu/gesture.go:89.49,94.4 4 1
github.com/gogpu/gogpu/gesture.go:96.54,99.26 2 1
github.com/gogpu/gogpu/gesture.go:111.64,118.21 4 1
github.com/gogpu/gogpu/gesture.go:118.21,126.3 3 1
github.com/gogpu/gogpu/gesture.go:129.2,142.48 11 1
github.com/gogpu/gogpu/gesture.go:142.48,144.38 1 1
github.com/gogpu/gogpu/gesture.go:144.38,146.4 1 1
github.com/gogpu/gogpu/gesture.go:149.3,158.48 3 1
github.com/gogpu/gogpu/gesture.go:162.2,170.37 3 1
github.com/gogpu/gogpu/gesture.go:170.37,173.3 2 1
github.com/gogpu/gogpu/gesture.go:175.2,175.15 1 1
github.com/gogpu/gogpu/gesture.go:181.37,188.2 5 1
github.com/gogpu/gogpu/gesture.go:191.53,195.2 3 1
github.com/gogpu/gogpu/gesture.go:198.66,199.32 1 1
github.com/gogpu/gogpu/gesture.go:199.32,201.3 1 0
github.com/gogpu/gogpu/gesture.go:203.2,204.37 2 1
github.com/gogpu/gogpu/gesture.go:204.37,207.3 2 1
github.com/gogpu/gogpu/gesture.go:209.2,213.3 2 1
github.com/gogpu/gogpu/gesture.go:217.87,218.32 1 1
github.com/gogpu/gogpu/gesture.go:218.32,220.3 1 0
github.com/gogpu/gogpu/gesture.go:222.2,223.37 2 1
github.com/gogpu/gogpu/gesture.go:223.37,227.3 3 1
github.com/gogpu/gogpu/gesture.go:229.2,229.51 1 1
github.com/gogpu/gogpu/gesture.go:234.77,237.37 2 1
github.com/gogpu/gogpu/gesture.go:237.37,238.52 1 1
github.com/gogpu/gogpu/gesture.go:238.52,240.4 1 1
github.com/gogpu/gogpu/gesture.go:243.2,243.25 1 1
github.com/gogpu/gogpu/gesture.go:243.25,245.3 1 0
github.com/gogpu/gogpu/gesture.go:247.2,249.27 3 1
github.com/gogpu/gogpu/gesture.go:253.70,254.31 1 1
github.com/gogpu/gogpu/gesture.go:254.31,256.3 1 0
github.com/gogpu/gogpu/gesture.go:259.2,265.15 4 1
github.com/gogpu/gogpu/gesture.go:265.15,267.3 1 1
github.com/gogpu/gogpu/gesture.go:268.2,268.15 1 1
github.com/gogpu/gogpu/gesture.go:268.15,270.3 1 1
github.com/gogpu/gogpu/gesture.go:271.2,271.37 1 1
github.com/gogpu/gogpu/gesture.go:275.85,277.37 2 1
github.com/gogpu/gogpu/gesture.go:277.37,278.12 1 1
github.com/gogpu/gogpu/gesture.go:278.12,282.12 4 1
github.com/gogpu/gogpu/gesture.go:284.3,285.39 2 1
github.com/gogpu/gogpu/gesture.go:287.2,287.8 1 1
github.com/gogpu/gogpu/gesture.go:291.61,292.18 1 1
github.com/gogpu/gogpu/gesture.go:292.18,294.3 1 1
github.com/gogpu/gogpu/gesture.go:295.2,295.18 1 1
github.com/gogpu/gogpu/gesture.go:295.18,297.3 1 1
github.com/gogpu/gogpu/gesture.go:298.2,298.23 1 1
github.com/gogpu/gogpu/gesture.go:302.89,304.37 2 1
github.com/gogpu/gogpu/gesture.go:304.37,305.12 1 1
github.com/gogpu/gogpu/gesture.go:305.12,309.12 4 1
github.com/gogpu/gogpu/gesture.go:311.3,312.43 2 1
github.com/gogpu/gogpu/gesture.go:314.2,314.8 1 1
github.com/gogpu/gogpu/gesture.go:318.69,319.56 1 1
github.com/gogpu/gogpu/gesture.go:319.56,321.3 1 0
github.com/gogpu/gogpu/gesture.go:324.2,335.19 9 1
github.com/gogpu/gogpu/gesture.go:335.19,337.3 1 1
github.com/gogpu/gogpu/gesture.go:338.2,338.20 1 1
github.com/gogpu/gogpu/gesture.go:338.20,340.3 1 0
github.com/gogpu/gogpu/gesture.go:342.2,342.45 1 1
github.com/gogpu/gogpu/gpucontext_adapter.go:29.56,30.51 1 1
github.com/gogpu/gogpu/gpucontext_adapter.go:30.51,32.3 1 1
github.com/gogpu/gogpu/gpucontext_adapter.go:33.2,33.47 1 0
github.com/gogpu/gogpu/gpucontext_adapter.go:37.54,38.51 1 1
github.com/gogpu/gogpu/gpucontext_adapter.go:38.51,40.3 1 1
github.com/gogpu/gogpu/gpucontext_adapter.go:41.2,41.54 1 0
github.com/gogpu/gogpu/gpucontext_adapter.go:45.68,46.23 1 1
github.com/gogpu/gogpu/gpucontext_adapter.go:46.23,48.3 1 1
github.com/gogpu/gogpu/gpucontext_adapter.go:49.2,49.52 1 1
github.com/gogpu/gogpu/gpucontext_adapter.go:53.58,54.52 1 1
github.com/gogpu/gogpu/gpucontext_adapter.go:54.52,56.3 1 1
github.com/gogpu/gogpu/gpucontext_adapter.go:57.2,57.49 1 0
github.com/gogpu/gogpu/gpucontext_adapter.go:61.66,62.52 1 0
github.com/gogpu/gogpu/gpucontext_adapter.go:62.52,64.3 1 0
github.com/gogpu/gogpu/gpucontext_adapter.go:65.2,69.3 2 0
github.com/gogpu/gogpu/gpucontext_adapter.go:72.68,73.12 1 0
github.com/gogpu/gogpu/gpucontext_adapter.go:74.38,75.40 1 0
github.com/gogpu/gogpu/gpucontext_adapter.go:76.40,77.42 1 0
github.com/gogpu/gogpu/gpucontext_adapter.go:78.30,79.40 1 0
github.com/gogpu/gogpu/gpucontext_adapter.go:80.10,81.39 1 0
github.com/gogpu/gogpu/gpucontext_adapter.go:87.56,88.18 1 1
github.com/gogpu/gogpu/gpucontext_adapter.go:88.18,90.3 1 1
github.com/gogpu/gogpu/gpucontext_adapter.go:91.2,91.13 1 1
github.com/gogpu/gogpu/gpucontext_adapter.go:96.51,97.18 1 1
github.com/gogpu/gogpu/gpucontext_adapter.go:97.18,99.3 1 1
github.com/gogpu/gogpu/gpucontext_adapter.go:100.2,100.12 1 1
github.com/gogpu/gogpu/gpucontext_adapter.go:105.45,106.18 1 1
github.com/gogpu/gogpu/gpucontext_adapter.go:106.18,108.3 1 1
github.com/gogpu/gogpu/gpucontext_adapter.go:112.56,113.22 1 1
github.com/gogpu/gogpu/gpucontext_adapter.go:113.22,115.3 1 1
github.com/gogpu/gogpu/gpucontext_adapter.go:119.58,120.22 1 1
github.com/gogpu/gogpu/gpucontext_adapter.go:120.22,122.3 1 1
github.com/gogpu/gogpu/gpucontext_adapter.go:129.61,130.18 1 1
github.com/gogpu/gogpu/gpucontext_adapter.go:130.18,132.3 1 0
github.com/gogpu/gogpu/gpucontext_adapter.go:133.2,133.16 1 1
github.com/gogpu/gogpu/gpucontext_adapter.go:136.63,137.18 1 1
github.com/gogpu/gogpu/gpucontext_adapter.go:137.18,139.3 1 0
github.com/gogpu/gogpu/gpucontext_adapter.go:140.2,140.12 1 1
github.com/gogpu/gogpu/gpucontext_adapter.go:143.70,144.18 1 1
github.com/gogpu/gogpu/gpucontext_adapter.go:144.18,146.3 1 0
github.com/gogpu/gogpu/gpucontext_adapter.go:149.45,150.18 1 1
github.com/gogpu/gogpu/gpucontext_adapter.go:150.18,152.3 1 0
github.com/gogpu/gogpu/gpucontext_adapter.go:153.2,153.14 1 1
github.com/gogpu/gogpu/gpucontext_adapter.go:156.49,157.18 1 1
github.com/gogpu/gogpu/gpucontext_adapter.go:157.18,159.3 1 0
github.com/gogpu/gogpu/gpucontext_adapter.go:160.2,160.14 1 1
github.com/gogpu/gogpu/gpucontext_adapter.go:163.49,164.18 1 1
github.com/gogpu/gogpu/gpucontext_adapter.go:164.18,166.3 1 0
github.com/gogpu/gogpu/gpucontext_adapter.go:167.2,167.14 1 1
github.com/gogpu/gogpu/gpucontext_adapter.go:170.49,171.18 1 1
github.com/gogpu/gogpu/gpucontext_adapter.go:171.18,173.3 1 0
github.com/gogpu/gogpu/gpucontext_adapter.go:174.2,174.12 1 1
github.com/gogpu/gogpu/gpucontext_adapter.go:177.72,178.18 1 1
github.com/gogpu/gogpu/gpucontext_adapter.go:178.18,180.3 1 1
github.com/gogpu/gogpu/gpucontext_adapter.go:181.2,181.32 1 1
github.com/gogpu/gogpu/gpucontext_adapter.go:194.77,195.16 1 1
github.com/gogpu/gogpu/gpucontext_adapter.go:196.40,197.42 1 1
github.com/gogpu/gogpu/gpucontext_adapter.go:198.40,199.42 1 1
github.com/gogpu/gogpu/gpucontext_adapter.go:200.10,201.41 1 1
github.com/gogpu/gogpu/gpucontext_adapter.go:206.62,207.23 1 1
github.com/gogpu/gogpu/gpucontext_adapter.go:207.23,209.3 1 1
github.com/gogpu/gogpu/gpucontext_adapter.go:210.2,210.22 1 1
github.com/gogpu/gogpu/gpucontext_adapter.go:210.22,212.3 1 1
github.com/gogpu/gogpu/gpucontext_adapter.go:213.2,213.77 1 1
github.com/gogpu/gogpu/invalidator.go:13.49,18.2 1 1
github.com/gogpu/gogpu/invalidator.go:22.38,23.9 1 1
github.com/gogpu/gogpu/invalidator.go:24.28,26.24 1 1
github.com/gogpu/gogpu/invalidator.go:26.24,28.4 1 1
github.com/gogpu/gogpu/invalidator.go:29.10,29.10 0 1
github.com/gogpu/gogpu/invalidator.go:37.40,38.9 1 1
github.com/gogpu/gogpu/invalidator.go:39.16,40.14 1 1
github.com/gogpu/gogpu/invalidator.go:41.10,42.15 1 1
github.com/gogpu/gogpu/lifecycle.go:25.39,27.2 1 1
github.com/gogpu/gogpu/lifecycle.go:30.39,31.11 1 1
github.com/gogpu/gogpu/lifecycle.go:32.15,33.16 1 1
github.com/gogpu/gogpu/lifecycle.go:34.18,35.19 1 1
github.com/gogpu/gogpu/lifecycle.go:36.21,37.22 1 1
github.com/gogpu/gogpu/lifecycle.go:38.20,39.21 1 1
github.com/gogpu/gogpu/lifecycle.go:40.19,41.20 1 1
github.com/gogpu/gogpu/lifecycle.go:42.10,43.49 1 1
github.com/gogpu/gogpu/logger.go:17.62,17.78 1 1
github.com/gogpu/gogpu/logger.go:18.62,18.76 1 1
github.com/gogpu/gogpu/logger.go:19.62,19.85 1 0
github.com/gogpu/gogpu/logger.go:20.62,20.85 1 0
github.com/gogpu/gogpu/logger.go:25.13,28.52 1 1
github.com/gogpu/gogpu/logger.go:28.52,30.34 2 0
github.com/gogpu/gogpu/logger.go:31.16,32.27 1 0
github.com/gogpu/gogpu/logger.go:33.15,34.26 1 0
github.com/gogpu/gogpu/logger.go:35.15,36.26 1 0
github.com/gogpu/gogpu/logger.go:37.16,38.27 1 0
github.com/gogpu/gogpu/logger.go:39.11,40.26 1 0
github.com/gogpu/gogpu/logger.go:42.3,46.9 5 0
github.com/gogpu/gogpu/logger.go:49.2,50.20 2 1
github.com/gogpu/gogpu/logger.go:54.29,54.56 1 1
github.com/gogpu/gogpu/logger.go:76.32,77.14 1 1
github.com/gogpu/gogpu/logger.go:77.14,79.3 1 1
github.com/gogpu/gogpu/logger.go:80.2,85.19 3 1
github.com/gogpu/gogpu/logger.go:90.28,92.2 1 1
github.com/gogpu/gogpu/menu.go:41.22,43.2 1 1
github.com/gogpu/gogpu/menu.go:46.43,48.2 1 1
github.com/gogpu/gogpu/menu.go:51.45,54.2 2 1
github.com/gogpu/gogpu/menu.go:57.30,59.2 1 1
github.com/gogpu/gogpu/menu.go:62.37,64.2 1 1
github.com/gogpu/gogpu/menu.go:82.56,83.22 1 1
github.com/gogpu/gogpu/menu.go:83.22,91.3 1 1
github.com/gogpu/gogpu/menu.go:92.2,92.57 1 1
github.com/gogpu/gogpu/menu.go:92.57,98.3 2 1
github.com/gogpu/gogpu/menu.go:99.2,99.14 1 1
github.com/gogpu/gogpu/renderer.go:98.46,99.51 1 0
github.com/gogpu/gogpu/renderer.go:99.51,101.3 1 0
github.com/gogpu/gogpu/renderer.go:105.48,106.51 1 0
github.com/gogpu/gogpu/renderer.go:106.51,108.3 1 0
github.com/gogpu/gogpu/renderer.go:167.149,178.52 3 0
github.com/gogpu/gogpu/renderer.go:178.52,180.3 1 0
github.com/gogpu/gogpu/renderer.go:186.2,187.42 2 0
github.com/gogpu/gogpu/renderer.go:187.42,188.52 1 0
github.com/gogpu/gogpu/renderer.go:188.52,190.4 1 0
github.com/gogpu/gogpu/renderer.go:191.3,191.34 1 0
github.com/gogpu/gogpu/renderer.go:195.2,195.57 1 0
github.com/gogpu/gogpu/renderer.go:195.57,197.3 1 0
github.com/gogpu/gogpu/renderer.go:202.2,202.42 1 0
github.com/gogpu/gogpu/renderer.go:202.42,203.55 1 0
github.com/gogpu/gogpu/renderer.go:203.55,205.4 1 0
github.com/gogpu/gogpu/renderer.go:206.8,207.50 1 0
github.com/gogpu/gogpu/renderer.go:207.50,209.4 1 0
github.com/gogpu/gogpu/renderer.go:212.2,212.15 1 0
github.com/gogpu/gogpu/renderer.go:217.70,222.37 4 0
github.com/gogpu/gogpu/renderer.go:222.37,224.3 1 0
github.com/gogpu/gogpu/renderer.go:225.2,230.16 3 0
github.com/gogpu/gogpu/renderer.go:230.16,232.3 1 0
github.com/gogpu/gogpu/renderer.go:233.2,234.12 2 0
github.com/gogpu/gogpu/renderer.go:240.71,247.16 4 0
github.com/gogpu/gogpu/renderer.go:247.16,249.3 1 0
github.com/gogpu/gogpu/renderer.go:250.2,253.16 3 0
github.com/gogpu/gogpu/renderer.go:253.16,255.3 1 0
github.com/gogpu/gogpu/renderer.go:256.2,256.12 1 0
github.com/gogpu/gogpu/renderer.go:261.58,264.16 3 0
github.com/gogpu/gogpu/renderer.go:264.16,266.3 1 0
github.com/gogpu/gogpu/renderer.go:267.2,270.12 4 0
github.com/gogpu/gogpu/renderer.go:277.61,279.29 2 1
github.com/gogpu/gogpu/renderer.go:279.29,282.59 3 0
github.com/gogpu/gogpu/renderer.go:282.59,284.4 1 0
github.com/gogpu/gogpu/renderer.go:285.3,285.31 1 0
github.com/gogpu/gogpu/renderer.go:286.8,289.3 1 1
github.com/gogpu/gogpu/renderer.go:290.2,290.12 1 1
github.com/gogpu/gogpu/renderer.go:295.56,296.44 1 0
github.com/gogpu/gogpu/renderer.go:296.44,298.3 1 0
github.com/gogpu/gogpu/renderer.go:299.2,299.31 1 0
github.com/gogpu/gogpu/renderer.go:303.85,314.2 2 0
github.com/gogpu/gogpu/renderer.go:320.88,322.17 2 0
github.com/gogpu/gogpu/renderer.go:322.17,325.16 2 0
github.com/gogpu/gogpu/renderer.go:325.16,327.4 1 0
github.com/gogpu/gogpu/renderer.go:328.3,330.14 2 0
github.com/gogpu/gogpu/renderer.go:333.2,336.14 3 0
github.com/gogpu/gogpu/renderer.go:336.14,342.3 1 0
github.com/gogpu/gogpu/renderer.go:342.8,349.3 1 0
github.com/gogpu/gogpu/renderer.go:351.2,353.13 2 0
github.com/gogpu/gogpu/renderer.go:358.112,359.33 1 1
github.com/gogpu/gogpu/renderer.go:359.33,360.33 1 1
github.com/gogpu/gogpu/renderer.go:360.33,361.19 1 1
github.com/gogpu/gogpu/renderer.go:361.19,363.5 1 1
github.com/gogpu/gogpu/renderer.go:367.2,369.33 2 1
github.com/gogpu/gogpu/renderer.go:375.50,376.29 1 1
github.com/gogpu/gogpu/renderer.go:376.29,378.3 1 1
github.com/gogpu/gogpu/renderer.go:379.2,379.18 1 1
github.com/gogpu/gogpu/renderer.go:385.46,387.2 1 0
github.com/gogpu/gogpu/renderer.go:390.71,392.2 1 1
github.com/gogpu/gogpu/renderer.go:395.95,396.31 1 1
github.com/gogpu/gogpu/renderer.go:396.31,399.36 1 0
github.com/gogpu/gogpu/renderer.go:399.36,402.4 2 0
github.com/gogpu/gogpu/renderer.go:403.3,403.9 1 0
github.com/gogpu/gogpu/renderer.go:408.2,408.62 1 1
github.com/gogpu/gogpu/renderer.go:408.62,410.3 1 1
github.com/gogpu/gogpu/renderer.go:414.2,426.54 5 0
github.com/gogpu/gogpu/renderer.go:426.54,432.3 3 0
github.com/gogpu/gogpu/renderer.go:433.2,433.30 1 0
github.com/gogpu/gogpu/renderer.go:438.38,441.2 2 0
github.com/gogpu/gogpu/renderer.go:444.64,446.2 1 1
github.com/gogpu/gogpu/renderer.go:449.42,451.2 1 1
github.com/gogpu/gogpu/renderer.go:458.118,459.21 1 1
github.com/gogpu/gogpu/renderer.go:459.21,461.3 1 1
github.com/gogpu/gogpu/renderer.go:465.2,465.20 1 0
github.com/gogpu/gogpu/renderer.go:465.20,472.77 2 0
github.com/gogpu/gogpu/renderer.go:472.77,476.4 3 0
github.com/gogpu/gogpu/renderer.go:483.2,486.16 4 0
github.com/gogpu/gogpu/renderer.go:486.16,489.3 2 0
github.com/gogpu/gogpu/renderer.go:491.2,495.16 3 0
github.com/gogpu/gogpu/renderer.go:495.16,499.3 3 0
github.com/gogpu/gogpu/renderer.go:500.2,507.13 5 0
github.com/gogpu/gogpu/renderer.go:513.104,514.9 1 0
github.com/gogpu/gogpu/renderer.go:515.47,517.36 2 0
github.com/gogpu/gogpu/renderer.go:517.36,518.62 1 0
github.com/gogpu/gogpu/renderer.go:518.62,521.5 2 0
github.com/gogpu/gogpu/renderer.go:523.43,525.25 2 0
github.com/gogpu/gogpu/renderer.go:526.10,528.36 2 0
github.com/gogpu/gogpu/renderer.go:528.36,530.4 1 0
github.com/gogpu/gogpu/renderer.go:536.31,537.29 1 0
github.com/gogpu/gogpu/renderer.go:537.29,540.3 2 0
github.com/gogpu/gogpu/renderer.go:541.2,542.21 2 0
github.com/gogpu/gogpu/renderer.go:548.57,552.2 3 1
github.com/gogpu/gogpu/renderer.go:556.38,559.2 2 0
github.com/gogpu/gogpu/renderer.go:568.35,569.37 1 1
github.com/gogpu/gogpu/renderer.go:569.37,573.17 4 0
github.com/gogpu/gogpu/renderer.go:573.17,575.4 1 0
github.com/gogpu/gogpu/renderer.go:576.3,576.23 1 0
github.com/gogpu/gogpu/renderer.go:583.46,586.2 2 1
github.com/gogpu/gogpu/renderer.go:590.51,591.21 1 1
github.com/gogpu/gogpu/renderer.go:591.21,593.3 1 1
github.com/gogpu/gogpu/renderer.go:594.2,595.78 2 1
github.com/gogpu/gogpu/renderer.go:599.42,602.2 2 1
github.com/gogpu/gogpu/renderer.go:605.40,606.27 1 1
github.com/gogpu/gogpu/renderer.go:606.27,609.3 2 0
github.com/gogpu/gogpu/renderer.go:611.2,611.32 1 1
github.com/gogpu/gogpu/renderer.go:618.59,620.2 1 0
github.com/gogpu/gogpu/renderer.go:623.64,624.30 1 1
github.com/gogpu/gogpu/renderer.go:624.30,626.3 1 1
github.com/gogpu/gogpu/renderer.go:627.2,629.22 3 0
github.com/gogpu/gogpu/renderer.go:634.70,635.50 1 1
github.com/gogpu/gogpu/renderer.go:635.50,637.3 1 1
github.com/gogpu/gogpu/renderer.go:639.2,642.16 2 0
github.com/gogpu/gogpu/renderer.go:642.16,644.3 1 0
github.com/gogpu/gogpu/renderer.go:646.2,656.16 2 0
github.com/gogpu/gogpu/renderer.go:656.16,658.3 1 0
github.com/gogpu/gogpu/renderer.go:660.2,660.41 1 0
github.com/gogpu/gogpu/renderer.go:660.41,662.3 1 0
github.com/gogpu/gogpu/renderer.go:664.2,665.16 2 0
github.com/gogpu/gogpu/renderer.go:665.16,667.3 1 0
github.com/gogpu/gogpu/renderer.go:669.2,671.24 3 0
github.com/gogpu/gogpu/renderer.go:677.64,679.16 2 0
github.com/gogpu/gogpu/renderer.go:679.16,682.3 2 0
github.com/gogpu/gogpu/renderer.go:683.2,683.35 1 0
github.com/gogpu/gogpu/renderer.go:688.47,691.2 2 1
github.com/gogpu/gogpu/renderer.go:695.52,697.2 1 1
github.com/gogpu/gogpu/renderer.go:700.37,702.2 1 1
github.com/gogpu/gogpu/renderer.go:705.49,706.31 1 0
github.com/gogpu/gogpu/renderer.go:706.31,708.3 1 0
github.com/gogpu/gogpu/renderer.go:710.2,717.16 3 0
github.com/gogpu/gogpu/renderer.go:717.16,719.3 1 0
github.com/gogpu/gogpu/renderer.go:722.2,725.16 2 0
github.com/gogpu/gogpu/renderer.go:725.16,727.3 1 0
github.com/gogpu/gogpu/renderer.go:730.2,748.16 2 0
github.com/gogpu/gogpu/renderer.go:748.16,750.3 1 0
github.com/gogpu/gogpu/renderer.go:752.2,752.12 1 0
github.com/gogpu/gogpu/renderer.go:756.79,758.30 2 0
github.com/gogpu/gogpu/renderer.go:758.30,760.3 1 0
github.com/gogpu/gogpu/renderer.go:761.2,764.31 2 0
github.com/gogpu/gogpu/renderer.go:764.31,765.50 1 0
github.com/gogpu/gogpu/renderer.go:765.50,767.4 1 0
github.com/gogpu/gogpu/renderer.go:770.2,773.16 2 0
github.com/gogpu/gogpu/renderer.go:773.16,775.3 1 0
github.com/gogpu/gogpu/renderer.go:777.2,787.16 2 0
github.com/gogpu/gogpu/renderer.go:787.16,789.3 1 0
github.com/gogpu/gogpu/renderer.go:791.2,794.41 3 0
github.com/gogpu/gogpu/renderer.go:794.41,796.3 1 0
github.com/gogpu/gogpu/renderer.go:798.2,799.16 2 0
github.com/gogpu/gogpu/renderer.go:799.16,801.3 1 0
github.com/gogpu/gogpu/renderer.go:804.2,806.12 2 0
github.com/gogpu/gogpu/renderer.go:813.53,814.29 1 0
github.com/gogpu/gogpu/renderer.go:814.29,816.3 1 0
github.com/gogpu/gogpu/renderer.go:818.2,825.16 3 0
github.com/gogpu/gogpu/renderer.go:825.16,827.3 1 0
github.com/gogpu/gogpu/renderer.go:830.2,843.16 2 0
github.com/gogpu/gogpu/renderer.go:843.16,845.3 1 0
github.com/gogpu/gogpu/renderer.go:848.2,869.16 2 0
github.com/gogpu/gogpu/renderer.go:869.16,871.3 1 0
github.com/gogpu/gogpu/renderer.go:874.2,878.16 2 0
github.com/gogpu/gogpu/renderer.go:878.16,880.3 1 0
github.com/gogpu/gogpu/renderer.go:883.2,917.16 2 0
github.com/gogpu/gogpu/renderer.go:917.16,919.3 1 0
github.com/gogpu/gogpu/renderer.go:925.2,930.16 2 0
github.com/gogpu/gogpu/renderer.go:930.16,932.3 1 0
github.com/gogpu/gogpu/renderer.go:935.2,946.16 2 0
github.com/gogpu/gogpu/renderer.go:946.16,948.3 1 0
github.com/gogpu/gogpu/renderer.go:951.2,954.12 3 0
github.com/gogpu/gogpu/renderer.go:959.83,961.32 1 0
github.com/gogpu/gogpu/renderer.go:961.32,963.3 1 0
github.com/gogpu/gogpu/renderer.go:966.2,966.49 1 0
github.com/gogpu/gogpu/renderer.go:966.49,968.3 1 0
github.com/gogpu/gogpu/renderer.go:971.2,985.16 2 0
github.com/gogpu/gogpu/renderer.go:985.16,987.3 1 0
github.com/gogpu/gogpu/renderer.go:990.2,991.16 2 0
github.com/gogpu/gogpu/renderer.go:996.82,998.30 2 1
github.com/gogpu/gogpu/renderer.go:998.30,1000.3 1 1
github.com/gogpu/gogpu/renderer.go:1001.2,1004.28 2 0
github.com/gogpu/gogpu/renderer.go:1004.28,1012.3 2 0
github.com/gogpu/gogpu/renderer.go:1015.2,1015.30 1 0
github.com/gogpu/gogpu/renderer.go:1015.30,1016.54 1 0
github.com/gogpu/gogpu/renderer.go:1016.54,1018.4 1 0
github.com/gogpu/gogpu/renderer.go:1022.2,1023.23 2 0
github.com/gogpu/gogpu/renderer.go:1023.23,1025.3 1 0
github.com/gogpu/gogpu/renderer.go:1028.2,1029.16 2 0
github.com/gogpu/gogpu/renderer.go:1029.16,1031.3 1 0
github.com/gogpu/gogpu/renderer.go:1034.2,1037.16 2 0
github.com/gogpu/gogpu/renderer.go:1037.16,1039.3 1 0
github.com/gogpu/gogpu/renderer.go:1042.2,1050.102 9 0
github.com/gogpu/gogpu/renderer.go:1050.102,1052.3 1 0
github.com/gogpu/gogpu/renderer.go:1057.2,1059.24 3 0
github.com/gogpu/gogpu/renderer.go:1059.24,1062.3 2 0
github.com/gogpu/gogpu/renderer.go:1062.8,1062.28 1 0
github.com/gogpu/gogpu/renderer.go:1062.28,1064.3 1 0
github.com/gogpu/gogpu/renderer.go:1067.2,1077.16 2 0
github.com/gogpu/gogpu/renderer.go:1077.16,1079.3 1 0
github.com/gogpu/gogpu/renderer.go:1082.2,1090.41 5 0
github.com/gogpu/gogpu/renderer.go:1090.41,1092.3 1 0
github.com/gogpu/gogpu/renderer.go:1095.2,1096.16 2 0
github.com/gogpu/gogpu/renderer.go:1096.16,1098.3 1 0
github.com/gogpu/gogpu/renderer.go:1101.2,1106.12 3 0
github.com/gogpu/gogpu/renderer.go:1112.33,1114.2 1 0
github.com/gogpu/gogpu/renderer.go:1122.54,1126.2 3 0
github.com/gogpu/gogpu/renderer.go:1133.44,1139.25 5 0
github.com/gogpu/gogpu/renderer.go:1139.25,1141.3 1 0
github.com/gogpu/gogpu/renderer.go:1145.30,1147.21 1 0
github.com/gogpu/gogpu/renderer.go:1147.21,1149.3 1 0
github.com/gogpu/gogpu/renderer.go:1152.2,1155.22 2 0
github.com/gogpu/gogpu/renderer.go:1155.22,1157.3 1 0
github.com/gogpu/gogpu/renderer.go:1160.2,1160.44 1 0
github.com/gogpu/gogpu/renderer.go:1160.44,1163.3 2 0
github.com/gogpu/gogpu/renderer.go:1166.2,1166.36 1 0
github.com/gogpu/gogpu/renderer.go:1166.36,1169.3 2 0
github.com/gogpu/gogpu/renderer.go:1170.2,1170.35 1 0
github.com/gogpu/gogpu/renderer.go:1170.35,1173.3 2 0
github.com/gogpu/gogpu/renderer.go:1174.2,1174.36 1 0
github.com/gogpu/gogpu/renderer.go:1174.36,1177.3 2 0
github.com/gogpu/gogpu/renderer.go:1178.2,1178.35 1 0
github.com/gogpu/gogpu/renderer.go:1178.35,1181.3 2 0
github.com/gogpu/gogpu/renderer.go:1182.2,1182.35 1 0
github.com/gogpu/gogpu/renderer.go:1182.35,1185.3 2 0
github.com/gogpu/gogpu/renderer.go:1186.2,1186.28 1 0
github.com/gogpu/gogpu/renderer.go:1186.28,1189.3 2 0
github.com/gogpu/gogpu/renderer.go:1190.2,1190.30 1 0
github.com/gogpu/gogpu/renderer.go:1190.30,1193.3 2 0
github.com/gogpu/gogpu/renderer.go:1194.2,1194.29 1 0
github.com/gogpu/gogpu/renderer.go:1194.29,1197.3 2 0
github.com/gogpu/gogpu/renderer.go:1198.2,1198.31 1 0
github.com/gogpu/gogpu/renderer.go:1198.31,1201.3 2 0
github.com/gogpu/gogpu/renderer.go:1202.2,1202.37 1 0
github.com/gogpu/gogpu/renderer.go:1202.37,1205.3 2 0
github.com/gogpu/gogpu/renderer.go:1208.2,1208.21 1 0
github.com/gogpu/gogpu/renderer.go:1208.21,1211.3 2 0
github.com/gogpu/gogpu/renderer.go:1212.2,1212.22 1 0
github.com/gogpu/gogpu/renderer.go:1212.22,1215.3 2 0
github.com/gogpu/gogpu/renderer.go:1225.38,1226.23 1 0
github.com/gogpu/gogpu/renderer.go:1226.23,1229.3 2 0
github.com/gogpu/gogpu/renderer.go:1233.35,1234.27 1 1
github.com/gogpu/gogpu/renderer.go:1234.27,1237.3 2 0
github.com/gogpu/gogpu/renderer.go:1238.2,1240.23 2 1
github.com/gogpu/gogpu/renderer.go:1240.23,1243.3 2 0
github.com/gogpu/gogpu/renderer.go:1244.2,1244.24 1 1
github.com/gogpu/gogpu/resource_tracker.go:46.60,47.14 1 1
github.com/gogpu/gogpu/resource_tracker.go:47.14,49.3 1 1
github.com/gogpu/gogpu/resource_tracker.go:51.2,52.14 2 1
github.com/gogpu/gogpu/resource_tracker.go:52.14,57.3 3 1
github.com/gogpu/gogpu/resource_tracker.go:58.2,59.15 2 1
github.com/gogpu/gogpu/resource_tracker.go:65.48,66.14 1 1
github.com/gogpu/gogpu/resource_tracker.go:66.14,68.3 1 1
github.com/gogpu/gogpu/resource_tracker.go:70.2,73.32 3 1
github.com/gogpu/gogpu/resource_tracker.go:73.32,74.20 1 1
github.com/gogpu/gogpu/resource_tracker.go:74.20,81.4 4 1
github.com/gogpu/gogpu/resource_tracker.go:88.44,90.14 2 1
github.com/gogpu/gogpu/resource_tracker.go:90.14,93.3 2 1
github.com/gogpu/gogpu/resource_tracker.go:94.2,103.43 6 1
github.com/gogpu/gogpu/resource_tracker.go:103.43,105.64 2 1
github.com/gogpu/gogpu/resource_tracker.go:105.64,107.4 1 1
github.com/gogpu/gogpu/resource_tracker.go:110.2,110.17 1 1
github.com/gogpu/gogpu/resource_tracker.go:114.41,115.15 1 1
github.com/gogpu/gogpu/resource_tracker.go:115.15,116.31 1 1
github.com/gogpu/gogpu/resource_tracker.go:116.31,118.4 1 1
github.com/gogpu/gogpu/resource_tracker.go:120.2,120.18 1 1
github.com/gogpu/gogpu/shader.go:24.34,26.2 1 1
github.com/gogpu/gogpu/shader.go:29.35,31.2 1 1
github.com/gogpu/gogpu/shader.go:183.36,185.2 1 1
github.com/gogpu/gogpu/submission_tracker.go:30.79,34.2 3 1
github.com/gogpu/gogpu/submission_tracker.go:38.78,43.29 4 1
github.com/gogpu/gogpu/submission_tracker.go:43.29,44.30 1 1
github.com/gogpu/gogpu/submission_tracker.go:44.30,45.33 1 1
github.com/gogpu/gogpu/submission_tracker.go:45.33,47.5 1 0
github.com/gogpu/gogpu/submission_tracker.go:48.9,50.4 1 1
github.com/gogpu/gogpu/submission_tracker.go:52.2,52.22 1 1
github.com/gogpu/gogpu/submission_tracker.go:57.58,60.2 2 1
github.com/gogpu/gogpu/submission_tracker.go:63.47,67.2 3 1
github.com/gogpu/gogpu/texture.go:68.31,70.2 1 1
github.com/gogpu/gogpu/texture.go:73.32,75.2 1 1
github.com/gogpu/gogpu/texture.go:78.46,80.2 1 1
github.com/gogpu/gogpu/texture.go:83.40,85.2 1 1
github.com/gogpu/gogpu/texture.go:88.56,90.2 1 1
github.com/gogpu/gogpu/texture.go:93.51,95.2 1 1
github.com/gogpu/gogpu/texture.go:99.42,101.2 1 1
github.com/gogpu/gogpu/texture.go:104.44,106.2 1 1
github.com/gogpu/gogpu/texture.go:111.56,112.19 1 0
github.com/gogpu/gogpu/texture.go:112.19,114.3 1 0
github.com/gogpu/gogpu/texture.go:115.2,115.58 1 0
github.com/gogpu/gogpu/texture.go:119.43,121.2 1 1
github.com/gogpu/gogpu/texture.go:125.39,127.2 1 1
github.com/gogpu/gogpu/texture.go:130.64,131.16 1 1
github.com/gogpu/gogpu/texture.go:138.40,139.11 1 1
github.com/gogpu/gogpu/texture.go:143.32,144.11 1 1
github.com/gogpu/gogpu/texture.go:151.33,152.11 1 1
github.com/gogpu/gogpu/texture.go:158.37,159.11 1 1
github.com/gogpu/gogpu/texture.go:162.34,163.11 1 1
github.com/gogpu/gogpu/texture.go:166.35,167.11 1 1
github.com/gogpu/gogpu/texture.go:170.37,171.12 1 1
github.com/gogpu/gogpu/texture.go:172.10,173.11 1 1
github.com/gogpu/gogpu/texture.go:179.29,183.51 2 1
github.com/gogpu/gogpu/texture.go:183.51,185.3 1 1
github.com/gogpu/gogpu/texture.go:188.2,188.58 1 0
github.com/gogpu/gogpu/texture.go:188.58,189.57 1 0
github.com/gogpu/gogpu/texture.go:189.57,192.4 2 0
github.com/gogpu/gogpu/texture.go:195.2,195.22 1 0
github.com/gogpu/gogpu/texture.go:195.22,198.3 2 0
github.com/gogpu/gogpu/texture.go:199.2,199.19 1 0
github.com/gogpu/gogpu/texture.go:199.19,202.3 2 0
github.com/gogpu/gogpu/texture.go:203.2,203.22 1 0
github.com/gogpu/gogpu/texture.go:203.22,206.3 2 0
github.com/gogpu/gogpu/texture.go:231.45,238.2 1 1
github.com/gogpu/gogpu/texture.go:242.63,244.2 1 0
github.com/gogpu/gogpu/texture.go:249.95,251.16 2 0
github.com/gogpu/gogpu/texture.go:251.16,253.3 1 0
github.com/gogpu/gogpu/texture.go:254.2,254.15 1 0
github.com/gogpu/gogpu/texture.go:254.15,254.35 1 0
github.com/gogpu/gogpu/texture.go:256.2,256.55 1 0
github.com/gogpu/gogpu/texture.go:260.78,262.2 1 0
github.com/gogpu/gogpu/texture.go:265.110,267.16 2 0
github.com/gogpu/gogpu/texture.go:267.16,269.3 1 0
github.com/gogpu/gogpu/texture.go:271.2,271.52 1 0
github.com/gogpu/gogpu/texture.go:275.75,277.2 1 0
github.com/gogpu/gogpu/texture.go:280.107,286.36 5 0
github.com/gogpu/gogpu/texture.go:286.36,288.3 1 0
github.com/gogpu/gogpu/texture.go:288.8,291.3 2 0
github.com/gogpu/gogpu/texture.go:293.2,294.71 2 0
github.com/gogpu/gogpu/texture.go:298.89,300.2 1 0
github.com/gogpu/gogpu/texture.go:303.121,305.31 2 0
github.com/gogpu/gogpu/texture.go:305.31,307.3 1 0
github.com/gogpu/gogpu/texture.go:310.2,323.16 2 0
github.com/gogpu/gogpu/texture.go:323.16,325.3 1 0
github.com/gogpu/gogpu/texture.go:328.2,346.16 1 0
github.com/gogpu/gogpu/texture.go:346.16,349.3 2 0
github.com/gogpu/gogpu/texture.go:352.2,353.16 2 0
github.com/gogpu/gogpu/texture.go:353.16,356.3 2 0
github.com/gogpu/gogpu/texture.go:359.2,370.16 2 0
github.com/gogpu/gogpu/texture.go:370.16,374.3 3 0
github.com/gogpu/gogpu/texture.go:376.2,395.69 3 0
github.com/gogpu/gogpu/texture.go:395.69,396.44 1 0
github.com/gogpu/gogpu/texture.go:396.44,397.24 1 0
github.com/gogpu/gogpu/texture.go:397.24,399.5 1 0
github.com/gogpu/gogpu/texture.go:400.4,400.21 1 0
github.com/gogpu/gogpu/texture.go:400.21,402.5 1 0
github.com/gogpu/gogpu/texture.go:403.4,403.24 1 0
github.com/gogpu/gogpu/texture.go:403.24,405.5 1 0
github.com/gogpu/gogpu/texture.go:409.2,409.17 1 0
github.com/gogpu/gogpu/texture.go:413.49,414.71 1 1
github.com/gogpu/gogpu/texture.go:414.71,416.3 1 1
github.com/gogpu/gogpu/texture.go:418.2,419.14 2 0
github.com/gogpu/gogpu/texture.go:419.14,421.3 1 0
github.com/gogpu/gogpu/texture.go:423.2,424.31 2 0
github.com/gogpu/gogpu/texture.go:424.31,427.3 1 0
github.com/gogpu/gogpu/texture.go:429.2,447.16 1 0
github.com/gogpu/gogpu/texture.go:447.16,449.3 1 0
github.com/gogpu/gogpu/texture.go:451.2,451.12 1 0
github.com/gogpu/gogpu/texture.go:455.67,456.71 1 1
github.com/gogpu/gogpu/texture.go:456.71,458.3 1 1
github.com/gogpu/gogpu/texture.go:460.2,460.40 1 0
github.com/gogpu/gogpu/texture.go:460.40,463.3 1 0
github.com/gogpu/gogpu/texture.go:465.2,465.37 1 0
github.com/gogpu/gogpu/texture.go:465.37,468.3 1 0
github.com/gogpu/gogpu/texture.go:470.2,471.14 2 0
github.com/gogpu/gogpu/texture.go:471.14,473.3 1 0
github.com/gogpu/gogpu/texture.go:475.2,476.31 2 0
github.com/gogpu/gogpu/texture.go:476.31,479.3 1 0
github.com/gogpu/gogpu/texture.go:481.2,503.16 1 0
github.com/gogpu/gogpu/texture.go:503.16,505.3 1 0
github.com/gogpu/gogpu/texture.go:507.2,507.12 1 0
github.com/gogpu/gogpu/window_manager.go:49.32,51.2 1 1
github.com/gogpu/gogpu/window_manager.go:56.47,58.2 1 0
github.com/gogpu/gogpu/window_manager.go:61.49,63.2 1 1
github.com/gogpu/gogpu/window_manager.go:67.45,69.59 2 1
github.com/gogpu/gogpu/window_manager.go:69.59,71.3 1 1
github.com/gogpu/gogpu/window_manager.go:77.37,78.34 1 1
github.com/gogpu/gogpu/window_manager.go:78.34,80.3 1 1
github.com/gogpu/gogpu/window_manager.go:81.2,82.9 2 1
github.com/gogpu/gogpu/window_manager.go:82.9,83.16 1 1
github.com/gogpu/gogpu/window_manager.go:83.16,84.32 1 1
github.com/gogpu/gogpu/window_manager.go:84.32,88.5 2 1
github.com/gogpu/gogpu/window_manager.go:90.3,90.19 1 1
github.com/gogpu/gogpu/window_manager.go:92.2,92.11 1 1
github.com/gogpu/gogpu/window_manager.go:96.79,98.2 1 1
github.com/gogpu/gogpu/window_manager.go:101.81,103.2 1 1
github.com/gogpu/gogpu/window_manager.go:106.50,108.2 1 1
github.com/gogpu/gogpu/window_manager.go:111.65,113.2 1 1
github.com/gogpu/gogpu/window_manager.go:116.63,118.2 1 1
github.com/gogpu/gogpu/window_manager.go:121.26,122.25 1 0
github.com/gogpu/gogpu/window_manager.go:122.25,124.3 1 0
github.com/gogpu/gogpu/window_manager.go:128.36,129.25 1 1
github.com/gogpu/gogpu/window_manager.go:129.25,131.3 1 0
github.com/gogpu/gogpu/window_manager.go:132.2,132.40 1 1
github.com/gogpu/gogpu/window_manager.go:136.44,137.25 1 1
github.com/gogpu/gogpu/window_manager.go:137.25,139.3 1 0
github.com/gogpu/gogpu/window_manager.go:140.2,140.40 1 1
github.com/gogpu/gogpu/window_manager.go:144.33,146.2 1 1
github.com/gogpu/gogpu/window_manager.go:162.40,168.2 1 1
github.com/gogpu/gogpu/window_manager.go:172.41,179.23 5 1
github.com/gogpu/gogpu/window_manager.go:179.23,181.3 1 1
github.com/gogpu/gogpu/window_manager.go:183.2,183.21 1 1
github.com/gogpu/gogpu/window_manager.go:183.21,185.3 1 1
github.com/gogpu/gogpu/window_manager.go:190.46,195.9 4 1
github.com/gogpu/gogpu/window_manager.go:195.9,197.3 1 1
github.com/gogpu/gogpu/window_manager.go:199.2,199.23 1 1
github.com/gogpu/gogpu/window_manager.go:199.23,201.3 1 1
github.com/gogpu/gogpu/window_manager.go:203.2,204.31 2 1
github.com/gogpu/gogpu/window_manager.go:204.31,205.16 1 1
github.com/gogpu/gogpu/window_manager.go:205.16,207.9 2 1
github.com/gogpu/gogpu/window_manager.go:210.2,210.22 1 1
github.com/gogpu/gogpu/window_manager.go:210.22,212.24 2 1
github.com/gogpu/gogpu/window_manager.go:212.24,214.4 1 1
github.com/gogpu/gogpu/window_manager.go:219.51,223.2 3 1
github.com/gogpu/gogpu/window_manager.go:226.38,230.2 3 1
github.com/gogpu/gogpu/window_manager.go:235.50,238.21 3 0
github.com/gogpu/gogpu/window_manager.go:238.21,240.3 1 0
github.com/gogpu/gogpu/window_manager.go:241.2,241.31 1 0
github.com/gogpu/gogpu/window_manager.go:246.48,249.33 3 1
github.com/gogpu/gogpu/window_manager.go:249.33,251.3 1 1
github.com/gogpu/gogpu/window_manager.go:256.46,260.25 3 1
github.com/gogpu/gogpu/window_manager.go:260.25,265.3 3 1
github.com/gogpu/gogpu/window_manager.go:266.2,268.11 3 1
github.com/gogpu/gogpu/window_manager.go:273.47,278.2 3 1
github.com/gogpu/gogpu/window_manager.go:282.73,286.2 3 1
github.com/gogpu/gogpu/window_manager.go:297.57,298.43 1 1
github.com/gogpu/gogpu/window_manager.go:298.43,300.3 1 0
github.com/gogpu/gogpu/window_manager.go:303.2,313.16 2 1
github.com/gogpu/gogpu/window_manager.go:313.16,315.3 1 1
github.com/gogpu/gogpu/window_manager.go:319.2,321.44 3 0
github.com/gogpu/gogpu/window_manager.go:321.44,324.3 2 0
github.com/gogpu/gogpu/window_manager.go:325.2,325.23 1 0
github.com/gogpu/gogpu/window_manager.go:325.23,328.3 2 0
github.com/gogpu/gogpu/window_manager.go:331.2,341.44 2 0
github.com/gogpu/gogpu/window_manager.go:341.44,343.23 2 0
github.com/gogpu/gogpu/window_manager.go:343.23,346.84 3 0
github.com/gogpu/gogpu/window_manager.go:346.84,348.5 1 0
github.com/gogpu/gogpu/window_manager.go:348.10,350.5 1 0
github.com/gogpu/gogpu/window_manager.go:356.2,373.26 5 0
github.com/gogpu/gogpu/window_manager.go:373.26,375.3 1 0
github.com/gogpu/gogpu/window_manager.go:377.2,377.15 1 0
github.com/gogpu/gogpu/window_manager.go:385.39,387.2 1 1
github.com/gogpu/gogpu/window_manager.go:391.33,392.28 1 0
github.com/gogpu/gogpu/window_manager.go:392.28,394.3 1 0
github.com/gogpu/gogpu/window_manager.go:395.2,395.32 1 0
github.com/gogpu/gogpu/window_manager.go:403.49,405.14 2 1
github.com/gogpu/gogpu/window_manager.go:405.14,407.3 1 0
github.com/gogpu/gogpu/window_manager.go:409.2,413.22 3 1
github.com/gogpu/gogpu/window_manager.go:413.22,414.45 1 1
github.com/gogpu/gogpu/window_manager.go:414.45,416.4 1 1
github.com/gogpu/gogpu/window_manager.go:420.2,420.25 1 1
github.com/gogpu/gogpu/window_manager.go:420.25,422.3 1 1
github.com/gogpu/gogpu/window_manager.go:424.2,426.32 2 1
github.com/gogpu/gogpu/window_manager.go:426.32,428.3 1 1
